cargo : warning: unused import: `DataKey`
At line:1 char:1
+ cargo test -p staking_contract -p grant_contracts -p vesting_contract ...
+ ~~~~~~~~~~~~~~~~~~~~~~~~~~~~~~~~~~~~~~~~~~~~~~~~~~~~~~~~~~~~~~~~~~~~~
    + CategoryInfo          : NotSpecified: (warning: unused import: `DataKey`:String) [], RemoteException
    + FullyQualifiedErrorId : NativeCommandError
 
 --> contracts\vesting_contracts\src\certificate_registry_test.rs:6:74
  |
6 |     VestingContract, VestingContractClient, Vault, AssetAllocationEntry, DataKey,
  |                                                                          ^^^^^^^
  |
  = note: `#[warn(unused_imports)]` (part of `#[warn(unused)]`) on by default

warning: unused import: `super::*`
 --> contracts\vesting_contracts\src\performance_cliff_test.rs:3:9
  |
3 |     use super::*;
  |         ^^^^^^^^

warning: unused import: `AdminProposal`
 --> contracts\vesting_contracts\src\multisig_admin_test.rs:2:66
  |
2 | use crate::{VestingContract, VestingContractClient, AdminAction, AdminProposal};
  |                                                                  ^^^^^^^^^^^^^

warning: unexpected `cfg` condition value: `testutils`
 --> contracts\vesting_contracts\examples\diversified_vesting_example.rs:8:17
  |
8 | #[cfg(any(test, feature = "testutils"))]
  |                 ^^^^^^^^^^^^^^^^^^^^^ help: remove the condition
  |
  = note: no expected values for `feature`
  = help: consider adding `testutils` as a feature in `Cargo.toml`
  = note: see <https://doc.rust-lang.org/nightly/rustc/check-cfg/cargo-specifics.html> for more information about 
checking conditional configuration
  = note: `#[warn(unexpected_cfgs)]` on by default

warning: unexpected `cfg` condition value: `testutils`
  --> contracts\vesting_contracts\examples\diversified_vesting_example.rs:38:21
   |
38 |     #[cfg(any(test, feature = "testutils"))]
   |                     ^^^^^^^^^^^^^^^^^^^^^ help: remove the condition
   |
   = note: no expected values for `feature`
   = help: consider adding `testutils` as a feature in `Cargo.toml`
   = note: see <https://doc.rust-lang.org/nightly/rustc/check-cfg/cargo-specifics.html> for more information about 
checking conditional configuration

warning: unexpected `cfg` condition value: `testutils`
  --> contracts\vesting_contracts\examples\diversified_vesting_example.rs:40:25
   |
40 |     #[cfg(not(any(test, feature = "testutils")))]
   |                         ^^^^^^^^^^^^^^^^^^^^^ help: remove the condition
   |
   = note: no expected values for `feature`
   = help: consider adding `testutils` as a feature in `Cargo.toml`
   = note: see <https://doc.rust-lang.org/nightly/rustc/check-cfg/cargo-specifics.html> for more information about 
checking conditional configuration

warning: unexpected `cfg` condition value: `testutils`
  --> contracts\vesting_contracts\examples\diversified_vesting_example.rs:43:21
   |
43 |     #[cfg(any(test, feature = "testutils"))]
   |                     ^^^^^^^^^^^^^^^^^^^^^ help: remove the condition
   |
   = note: no expected values for `feature`
   = help: consider adding `testutils` as a feature in `Cargo.toml`
   = note: see <https://doc.rust-lang.org/nightly/rustc/check-cfg/cargo-specifics.html> for more information about 
checking conditional configuration

warning: unexpected `cfg` condition value: `testutils`
  --> contracts\vesting_contracts\examples\diversified_vesting_example.rs:45:25
   |
45 |     #[cfg(not(any(test, feature = "testutils")))]
   |                         ^^^^^^^^^^^^^^^^^^^^^ help: remove the condition
   |
   = note: no expected values for `feature`
   = help: consider adding `testutils` as a feature in `Cargo.toml`
   = note: see <https://doc.rust-lang.org/nightly/rustc/check-cfg/cargo-specifics.html> for more information about 
checking conditional configuration

warning: unexpected `cfg` condition value: `testutils`
  --> contracts\vesting_contracts\examples\diversified_vesting_example.rs:48:21
   |
48 |     #[cfg(any(test, feature = "testutils"))]
   |                     ^^^^^^^^^^^^^^^^^^^^^ help: remove the condition
   |
   = note: no expected values for `feature`
   = help: consider adding `testutils` as a feature in `Cargo.toml`
   = note: see <https://doc.rust-lang.org/nightly/rustc/check-cfg/cargo-specifics.html> for more information about 
checking conditional configuration

warning: unexpected `cfg` condition value: `testutils`
  --> contracts\vesting_contracts\examples\diversified_vesting_example.rs:50:25
   |
50 |     #[cfg(not(any(test, feature = "testutils")))]
   |                         ^^^^^^^^^^^^^^^^^^^^^ help: remove the condition
   |
   = note: no expected values for `feature`
   = help: consider adding `testutils` as a feature in `Cargo.toml`
   = note: see <https://doc.rust-lang.org/nightly/rustc/check-cfg/cargo-specifics.html> for more information about 
checking conditional configuration

warning: unexpected `cfg` condition value: `testutils`
  --> contracts\vesting_contracts\examples\diversified_vesting_example.rs:53:21
   |
53 |     #[cfg(any(test, feature = "testutils"))]
   |                     ^^^^^^^^^^^^^^^^^^^^^ help: remove the condition
   |
   = note: no expected values for `feature`
   = help: consider adding `testutils` as a feature in `Cargo.toml`
   = note: see <https://doc.rust-lang.org/nightly/rustc/check-cfg/cargo-specifics.html> for more information about 
checking conditional configuration

warning: unexpected `cfg` condition value: `testutils`
  --> contracts\vesting_contracts\examples\diversified_vesting_example.rs:55:25
   |
55 |     #[cfg(not(any(test, feature = "testutils")))]
   |                         ^^^^^^^^^^^^^^^^^^^^^ help: remove the condition
   |
   = note: no expected values for `feature`
   = help: consider adding `testutils` as a feature in `Cargo.toml`
   = note: see <https://doc.rust-lang.org/nightly/rustc/check-cfg/cargo-specifics.html> for more information about 
checking conditional configuration

warning: `vesting_contracts` (lib test) generated 3 warnings (run `cargo fix --lib -p vesting_contracts --tests` to 
apply 3 suggestions)
warning: `vesting_contracts` (example "diversified_vesting_example") generated 9 warnings
    Finished `test` profile [unoptimized + debuginfo] target(s) in 1.28s
     Running unittests src\lib.rs (target\debug\deps\grant_contracts-2475a4e4e6362d58.exe)

running 2 tests
test test::test_initialize_rejects_duration_over_max - should panic ... ok
test test::test_basic_grant ... ok

test result: ok. 2 passed; 0 failed; 0 ignored; 0 measured; 0 filtered out; finished in 0.02s

     Running unittests src\lib.rs (target\debug\deps\staking_contract-bed7e8ed495aa2d7.exe)

running 13 tests
test test::test_claim_yield_zero_when_none_accrued ... ok
test test::test_claim_yield_for_resets_pending ... ok
test test::test_initialize_sets_admin ... ok
test test::test_slash_stake_exceeds_amount_panics - should panic ... ok
test test::test_accrue_and_get_yield ... ok
     Running unittests src\lib.rs (target\debug\deps\vesting_contracts-77d6ddc89292b753.exe)
test test::test_slash_stake_reduces_amount ... ok
test test::test_restake_after_unstake_succeeds ... ok
test test::test_stake_tokens_creates_record ... ok
test test::test_stake_tokens_zero_amount_panics - should panic ... ok
test test::test_stake_tokens_double_stake_panics - should panic ... ok
test test::test_unstake_tokens_deactivates_record ... ok
test test::test_unstake_tokens_double_unstake_panics - should panic ... ok
test test::test_unstake_tokens_not_staked_panics - should panic ... ok

test result: ok. 13 passed; 0 failed; 0 ignored; 0 measured; 0 filtered out; finished in 0.15s


running 45 tests
test diversified_simple_test::diversified_core_tests::test_asset_basket_validation ... ok
test diversified_simple_test::diversified_core_tests::test_diversified_claiming ... ok
test diversified_simple_test::diversified_core_tests::test_diversified_vault_creation ... ok
test diversified_simple_test::diversified_core_tests::test_linear_vesting_calculation ... ok
test certificate_registry_test::test_loyalty_score_calculation ... ok
test certificate_registry_test::test_certificate_registration ... ok
test diversified_test::diversified_vesting_tests::test_asset_basket_validation - should panic ... ok
test certificate_registry_test::test_work_verification ... ok
test certificate_registry_test::test_certificate_query_by_loyalty_score ... ok
test certificate_registry_test::test_certificate_query_by_beneficiary ... ok
test certificate_registry_test::test_certificate_query_verified_only ... ok
test kpi_test::test_attach_kpi_gate_rejects_zero_threshold - should panic ... ok
test kpi_test::test_attach_kpi_gate_stores_config ... ok
test kpi_test::test_cannot_overwrite_verified_gate - should panic ... ok
test kpi_test::test_kpi_flag_idempotent_set_true_twice ... ok
test kpi_test::test_kpi_flag_cannot_be_unset - should panic ... ok
test kpi_test::test_kpi_flag_starts_false ... ok
test certificate_registry_test::test_get_beneficiary_certificates ... ok
test kpi_test::test_kpi_status_false_before_verification ... ok
test kpi_test::test_kpi_flag_write_once_true ... ok
test kpi_test::test_kpi_status_true_after_verification ... ok
test kpi_test::test_kpi_threshold_returns_configured_value ... ok
test kpi_test::test_require_kpi_gate_passes_when_no_config ... ok
test kpi_test::test_kpi_threshold_returns_zero_when_no_config ... ok
test kpi_test::test_require_kpi_gate_blocks_when_not_met - should panic ... ok
test kpi_test::test_require_kpi_gate_passes_when_met ... ok
test kpi_test::test_verification_log_is_empty_before_verify ... ok
test kpi_test::test_verification_log_appended_on_verify ... ok
test multisig_admin_test::test_multisig_admin_proposal_insufficient_signatures ... ok
test multisig_admin_test::test_multisig_admin_proposal_flow ... ok
test performance_cliff_test::performance_cliff_tests::test_fallback_time_behavior ... FAILED
test performance_cliff_test::performance_cliff_tests::test_performance_cliff_creation ... ok
test performance_cliff_test::performance_cliff_tests::test_milestone_with_performance_cliff ... ok
test diversified_test::diversified_vesting_tests::test_diversified_vesting_basic ... ok
test test::test_batch_operations ... ok
test performance_cliff_test::performance_cliff_tests::test_multiple_oracle_conditions ... ok
test test::test_initialize ... ok
test test::test_claim_tokens ... ok
test test::test_create_vault ... ok
test test::test_pause_resume ... ok
test test::test_marketplace_transfer ... ok
test test::test_voting_power_calculation ... ok
test test::test_revoke_vault ... ok
test invariant_test::test_invariant_randomized ... ok
test invariant_test::test_math_invariant_linear ... ok

failures:

---- performance_cliff_test::performance_cliff_tests::test_fallback_time_behavior stdout ----

thread 'performance_cliff_test::performance_cliff_tests::test_fallback_time_behavior' (12576) panicked at contracts\vesting_contracts\src\performance_cliff_test.rs:187:9:
assertion failed: cliff_passed
Writing test snapshot file for test "performance_cliff_test::performance_cliff_tests::test_fallback_time_behavior" to "test_snapshots\\performance_cliff_test\\performance_cliff_tests\\test_fallback_time_behavior.1.json".


failures:
    performance_cliff_test::performance_cliff_tests::test_fallback_time_behavior

test result: FAILED. 44 passed; 1 failed; 0 ignored; 0 measured; 0 filtered out; finished in 21.21s

error: test failed, to rerun pass `-p vesting_contracts --lib`
     Running tests\max_duration.rs (target\debug\deps\max_duration-836ad7b56c73d134.exe)

running 5 tests
test create_vault_full_rejects_over_max_duration - should panic ... ok
test create_vault_lazy_rejects_over_max_duration - should panic ... ok
test batch_create_vaults_rejects_over_max_duration - should panic ... ok
test batch_add_schedules_rejects_over_max_duration - should panic ... ok
test create_vault_full_allows_max_duration ... ok

test result: ok. 5 passed; 0 failed; 0 ignored; 0 measured; 0 filtered out; finished in 0.11s

     Running tests\multisig_admin_threshold.rs (target\debug\deps\multisig_admin_threshold-db189845c62cfde2.exe)

running 2 tests
test create_vault_panics_when_multisig_threshold_not_met - should panic ... ok
test create_vault_succeeds_with_multisig_admin_threshold_met ... ok

test result: ok. 2 passed; 0 failed; 0 ignored; 0 measured; 0 filtered out; finished in 0.08s

error: 1 target failed:
    `-p vesting_contracts --lib`
